[      57ms] [INFO] %cDownload the React DevTools for a better development experience: https://react.dev/link/react-devtools font-weight:bold @ http://localhost:3010/node_modules/.vite/deps/react-dom_client.js?v=268ad286:20100
[     272ms] [WARNING] Clerk: Clerk has been loaded with development keys. Development instances have strict usage limits and should not be used when deploying your application to production. Learn more: https://clerk.com/docs/deployments/overview @ https://glorious-pegasus-4.clerk.accounts.dev/npm/@clerk/clerk-js@5/dist/clerk.browser.js:18
[    7741ms] [VERBOSE] [DOM] Input elements should have autocomplete attributes (suggested: "current-password"): (More info: https://goo.gl/9p2vKq) %o @ http://localhost:3010/signin:0
[    7958ms] [WARNING] Clerk: The prop "redirectUrl" is deprecated and should be replaced with the new "fallbackRedirectUrl" or "forceRedirectUrl" props instead. Learn more: https://clerk.com/docs/guides/custom-redirects#redirect-url-props @ https://glorious-pegasus-4.clerk.accounts.dev/npm/@clerk/clerk-js@5/dist/clerk.browser.js:18
[   58010ms] [LOG] [vite] server connection lost. Polling for restart... @ http://localhost:3010/@vite/client:864
[   65343ms] [ERROR] Failed to load resource: the server responded with a status of 404 () @ http://localhost:3010/login#/?redirect_url=http%3A%2F%2Flocalhost%3A3010%2F:0
[   65578ms] [INFO] %cDownload the React DevTools for a better development experience: https://react.dev/link/react-devtools font-weight:bold @ http://localhost:3010/node_modules/.vite/deps/chunk-B5N7PWF5.js?v=db6c288b:20100
[   65601ms] Error: Hydration failed because the server rendered text didn't match the client. As a result this tree will be regenerated on the client. This can happen if a SSR-ed Client Component used:

- A server/client branch `if (typeof window !== 'undefined')`.
- Variable input such as `Date.now()` or `Math.random()` which changes each time it's called.
- Date formatting in a user's locale which doesn't match the server.
- External changing data without sending a snapshot of it along with the HTML.
- Invalid HTML tag nesting.

It can also happen if the client has a browser extension installed which messes with the HTML before React loaded.

https://react.dev/link/hydration-mismatch

  ...
    <ClerkProvider>
      <ScriptOnce>
      <ClerkOptionsProvider options={{...}}>
        <ClerkProvider initialState={undefined} sdkMetadata={{name:"@cle...", ...}} routerPush={function routerPush} ...>
          <ClerkProviderBase initialState={undefined} sdkMetadata={{name:"@cle...", ...}} ...>
            <ClerkContextProvider initialState={undefined} clerk={{clerkjs:null, ...}} clerkStatus="loading">
              <InitialStateProvider initialState={undefined}>
                <__experimental_CheckoutProvider value={undefined}>
                  <RootDocument>
                    <html>
                      <head>
                      <body>
                        <h2>
                          <code>
+                           /login#/?redirect_url=http%3A%2F%2Flocalhost%3A3010%2F
-                           /login
                        ...

    at throwOnHydrationMismatch (http://localhost:3010/node_modules/.vite/deps/chunk-B5N7PWF5.js?v=db6c288b:3918:13)
    at prepareToHydrateHostInstance (http://localhost:3010/node_modules/.vite/deps/chunk-B5N7PWF5.js?v=db6c288b:3992:23)
    at completeWork (http://localhost:3010/node_modules/.vite/deps/chunk-B5N7PWF5.js?v=db6c288b:8997:17)
    at runWithFiberInDEV (http://localhost:3010/node_modules/.vite/deps/chunk-B5N7PWF5.js?v=db6c288b:995:72)
    at completeUnitOfWork (http://localhost:3010/node_modules/.vite/deps/chunk-B5N7PWF5.js?v=db6c288b:12667:22)
    at performUnitOfWork (http://localhost:3010/node_modules/.vite/deps/chunk-B5N7PWF5.js?v=db6c288b:12573:29)
    at workLoopConcurrentByScheduler (http://localhost:3010/node_modules/.vite/deps/chunk-B5N7PWF5.js?v=db6c288b:12555:11)
    at renderRootConcurrent (http://localhost:3010/node_modules/.vite/deps/chunk-B5N7PWF5.js?v=db6c288b:12537:71)
    at performWorkOnRoot (http://localhost:3010/node_modules/.vite/deps/chunk-B5N7PWF5.js?v=db6c288b:11764:152)
    at performWorkOnRootViaSchedulerTask (http://localhost:3010/node_modules/.vite/deps/chunk-B5N7PWF5.js?v=db6c288b:13503:9)
[   65794ms] [WARNING] Clerk: Clerk has been loaded with development keys. Development instances have strict usage limits and should not be used when deploying your application to production. Learn more: https://clerk.com/docs/deployments/overview @ https://glorious-pegasus-4.clerk.accounts.dev/npm/@clerk/clerk-js@6/dist/clerk.browser.js:11
