// Vitest Snapshot v1, https://vitest.dev/guide/snapshot.html

exports[`Typedoc output > should have a deliberate file structure 1`] = `
[
  "types/type-aliases/check-authorization-from-session-claims.mdx",
  "types/type-aliases/clerk-host-router.mdx",
  "types/type-aliases/clerk-pagination-request.mdx",
  "types/type-aliases/clerk-status.mdx",
  "types/type-aliases/element-object-key.mdx",
  "types/type-aliases/elements-config.mdx",
  "types/type-aliases/id-selectors.mdx",
  "types/type-aliases/legacy-redirect-props.mdx",
  "types/type-aliases/localization-resource.mdx",
  "types/type-aliases/multi-domain-and-or-proxy.mdx",
  "types/type-aliases/organization-custom-role-key.mdx",
  "types/type-aliases/organization-permission-key.mdx",
  "types/type-aliases/organizations-jwt-claim.mdx",
  "types/type-aliases/override.mdx",
  "types/type-aliases/path-value.mdx",
  "types/type-aliases/record-to-path.mdx",
  "types/type-aliases/redirect-options.mdx",
  "types/type-aliases/saml-strategy.mdx",
  "types/type-aliases/sdk-metadata.mdx",
  "types/type-aliases/session-status-claim.mdx",
  "types/type-aliases/set-active.mdx",
  "types/type-aliases/sign-up-authenticate-with-metamask-params.mdx",
  "types/type-aliases/signed-in-session-resource.mdx",
  "types/type-aliases/state-selectors.mdx",
  "types/type-aliases/use-auth-return.mdx",
  "types/type-aliases/use-session-list-return.mdx",
  "types/type-aliases/use-session-return.mdx",
  "types/type-aliases/use-sign-in-return.mdx",
  "types/type-aliases/use-sign-up-return.mdx",
  "types/type-aliases/use-user-return.mdx",
  "types/type-aliases/without.mdx",
  "types/interfaces/act-claim.mdx",
  "types/interfaces/act-jwt-claim.mdx",
  "types/interfaces/active-session-resource.mdx",
  "types/interfaces/clerk-api-error.mdx",
  "types/interfaces/clerk-jwt-claims.mdx",
  "types/interfaces/clerk-paginated-response.mdx",
  "types/interfaces/clerk-pagination-params.mdx",
  "types/interfaces/clerk-resource.mdx",
  "types/interfaces/clerk.mdx",
  "types/interfaces/create-organization-params.mdx",
  "types/interfaces/jwt-claims.mdx",
  "types/interfaces/jwt-header.mdx",
  "types/interfaces/pending-session-resource.mdx",
  "types/interfaces/session-resource.mdx",
  "types/interfaces/set-active-params.mdx",
  "types/interfaces/sign-in-resource.mdx",
  "types/interfaces/sign-out.mdx",
  "types/interfaces/sign-up-resource.mdx",
  "shared/react/types/type-aliases/paginated-hook-config.mdx",
  "shared/react/types/interfaces/pages-or-infinite-options.mdx",
  "shared/react/types/interfaces/paginated-resources.mdx",
  "shared/react/hooks/use-clerk.mdx",
  "shared/react/hooks/use-organization-list-params.mdx",
  "shared/react/hooks/use-organization-list-return.mdx",
  "shared/react/hooks/use-organization-list.mdx",
  "shared/react/hooks/use-organization-params.mdx",
  "shared/react/hooks/use-organization-return.mdx",
  "shared/react/hooks/use-organization.mdx",
  "shared/react/hooks/use-reverification.mdx",
  "shared/react/hooks/use-session-list.mdx",
  "shared/react/hooks/use-session.mdx",
  "shared/react/hooks/use-user.mdx",
  "shared/index/functions/build-clerk-js-script-attributes.mdx",
  "shared/index/functions/clerk-js-script-url.mdx",
  "shared/index/functions/create-path-matcher.mdx",
  "shared/index/functions/deep-camel-to-snake.mdx",
  "shared/index/functions/deep-snake-to-camel.mdx",
  "shared/index/functions/deprecated-object-property.mdx",
  "shared/index/functions/derive-state.mdx",
  "shared/index/functions/extract-dev-browser-jwt-from-url.mdx",
  "shared/index/functions/fast-deep-merge-and-replace.mdx",
  "shared/index/functions/get-clerk-js-major-version-or-tag.mdx",
  "shared/index/functions/get-env-variable.mdx",
  "shared/index/functions/get-script-url.mdx",
  "shared/index/functions/icon-image-url.mdx",
  "shared/index/functions/in-browser.mdx",
  "shared/index/functions/is-browser-online.mdx",
  "shared/index/functions/is-clerk-runtime-error.mdx",
  "shared/index/functions/is-publishable-key.mdx",
  "shared/index/functions/is-staging.mdx",
  "shared/index/functions/is-truthy.mdx",
  "shared/index/functions/is-valid-browser-online.mdx",
  "shared/index/functions/is-valid-browser.mdx",
  "shared/index/functions/isomorphic-atob.mdx",
  "shared/index/functions/load-clerk-js-script.mdx",
  "shared/index/functions/read-json-file.mdx",
  "shared/index/functions/set-clerk-js-loading-error-package-name.mdx",
  "shared/index/functions/to-sentence.mdx",
  "shared/index/functions/user-agent-is-robot.mdx",
  "shared/index/functions/version-selector.mdx",
  "shared/index/classes/clerk-runtime-error.mdx",
  "nextjs/server/create-get-auth/variables/get-auth.mdx",
  "nextjs/server/create-get-auth/functions/create-async-get-auth.mdx",
  "nextjs/server/create-get-auth/functions/create-sync-get-auth.mdx",
  "nextjs/server/clerk-middleware/variables/clerk-middleware.mdx",
  "nextjs/server/clerk-middleware/interfaces/clerk-middleware-options.mdx",
  "nextjs/server/build-clerk-props/variables/build-clerk-props.mdx",
  "nextjs/app-router/server/current-user/functions/current-user.mdx",
  "nextjs/app-router/server/auth/variables/auth.mdx",
  "clerk-react/interfaces/clerk-provider-props.mdx",
  "clerk-react/functions/protect.mdx",
  "clerk-react/functions/redirect-to-create-organization.mdx",
  "clerk-react/functions/redirect-to-organization-profile.mdx",
  "clerk-react/functions/redirect-to-user-profile.mdx",
  "clerk-react/functions/use-auth.mdx",
  "clerk-react/functions/use-clerk.mdx",
  "clerk-react/functions/use-organization-list.mdx",
  "clerk-react/functions/use-organization.mdx",
  "clerk-react/functions/use-reverification.mdx",
  "clerk-react/functions/use-session-list.mdx",
  "clerk-react/functions/use-session.mdx",
  "clerk-react/functions/use-sign-in.mdx",
  "clerk-react/functions/use-sign-up.mdx",
  "clerk-react/functions/use-user.mdx",
]
`;
